[sitetemplate.demo.ithemeslab.com/eventex/demo/home-2.html]
[backblue.gif]
[fade.gif]
[index.html]
[sitetemplate.demo.ithemeslab.com/eventex/demo/assets/favicon/favicon.ico]
[sitetemplate.demo.ithemeslab.com/eventex/demo/assets/favicon/apple-icon-57x57.png]
[sitetemplate.demo.ithemeslab.com/eventex/demo/assets/favicon/apple-icon-72x72.png]
[sitetemplate.demo.ithemeslab.com/eventex/demo/assets/favicon/apple-icon-114x114.png]
[sitetemplate.demo.ithemeslab.com/eventex/demo/assets/favicon/apple-icon-144x144.png]
[sitetemplate.demo.ithemeslab.com/eventex/demo/assets/css/vendor/bootstrap.min.css]
[sitetemplate.demo.ithemeslab.com/eventex/demo/assets/css/vendor/font-awesome.min.css]
[sitetemplate.demo.ithemeslab.com/eventex/demo/assets/css/vendor/flaticon.css]
[sitetemplate.demo.ithemeslab.com/eventex/demo/assets/css/vendor/owl.carousel.min.css]
[sitetemplate.demo.ithemeslab.com/eventex/demo/assets/css/vendor/owl.theme.default.min.css]
[sitetemplate.demo.ithemeslab.com/eventex/demo/assets/css/vendor/animate.css]
[sitetemplate.demo.ithemeslab.com/eventex/demo/assets/css/vendor/lightbox.css]
[sitetemplate.demo.ithemeslab.com/eventex/demo/assets/css/responsive.css]
[sitetemplate.demo.ithemeslab.com/eventex/demo/assets/css/style.css]
[sitetemplate.demo.ithemeslab.com/eventex/demo/assets/js/vendor/modernizr-2.8.3.min.js]
[sitetemplate.demo.ithemeslab.com/eventex/demo/assets/css/vendor/jquery-ui.min.css]
[sitetemplate.demo.ithemeslab.com/eventex/demo/assets/img/logo/logo.png]
[sitetemplate.demo.ithemeslab.com/eventex/demo/index.html]
[sitetemplate.demo.ithemeslab.com/eventex/demo/home-3.html]
[sitetemplate.demo.ithemeslab.com/eventex/demo/home-4.html]
[sitetemplate.demo.ithemeslab.com/eventex/demo/home-5.html]
[sitetemplate.demo.ithemeslab.com/eventex/demo/about.html]
[sitetemplate.demo.ithemeslab.com/eventex/demo/error-404.html]
[sitetemplate.demo.ithemeslab.com/eventex/demo/pricing.html]
[sitetemplate.demo.ithemeslab.com/eventex/demo/contact.html]
[sitetemplate.demo.ithemeslab.com/eventex/demo/speakers.html]
[sitetemplate.demo.ithemeslab.com/eventex/demo/speakers-single.html]
[sitetemplate.demo.ithemeslab.com/eventex/demo/event-schedule.html]
[sitetemplate.demo.ithemeslab.com/eventex/demo/event-table.html]
[sitetemplate.demo.ithemeslab.com/eventex/demo/blog-single.html]
[sitetemplate.demo.ithemeslab.com/eventex/demo/blog-right.html]
[sitetemplate.demo.ithemeslab.com/eventex/demo/shopping.html]
[sitetemplate.demo.ithemeslab.com/eventex/demo/assets/img/feature/1.png]
[sitetemplate.demo.ithemeslab.com/eventex/demo/assets/img/feature/2.png]
[sitetemplate.demo.ithemeslab.com/eventex/demo/assets/img/feature/3.png]
[sitetemplate.demo.ithemeslab.com/eventex/demo/assets/img/team/1.jpg]
[sitetemplate.demo.ithemeslab.com/eventex/demo/assets/img/team/2.jpg]
[sitetemplate.demo.ithemeslab.com/eventex/demo/assets/img/team/3.jpg]
[sitetemplate.demo.ithemeslab.com/eventex/demo/assets/img/team/4.jpg]
[sitetemplate.demo.ithemeslab.com/eventex/demo/assets/img/team/5.jpg]
[sitetemplate.demo.ithemeslab.com/eventex/demo/assets/img/team/6.jpg]
[sitetemplate.demo.ithemeslab.com/eventex/demo/assets/img/team/7.jpg]
[sitetemplate.demo.ithemeslab.com/eventex/demo/assets/img/sponsers/10.png]
[sitetemplate.demo.ithemeslab.com/eventex/demo/assets/img/sponsers/12.png]
[sitetemplate.demo.ithemeslab.com/eventex/demo/assets/img/sponsers/11.png]
[sitetemplate.demo.ithemeslab.com/eventex/demo/assets/img/sponsers/15.png]
[sitetemplate.demo.ithemeslab.com/eventex/demo/assets/img/sponsers/16.png]
[sitetemplate.demo.ithemeslab.com/eventex/demo/assets/img/sponsers/13.png]
[sitetemplate.demo.ithemeslab.com/eventex/demo/assets/img/sponsers/17.png]
[sitetemplate.demo.ithemeslab.com/eventex/demo/assets/img/blog/1.jpg]
[sitetemplate.demo.ithemeslab.com/eventex/demo/assets/img/blog/2.jpg]
[sitetemplate.demo.ithemeslab.com/eventex/demo/assets/img/blog/3.jpg]
[sitetemplate.demo.ithemeslab.com/eventex/demo/assets/img/logo/logo-2.png]
[sitetemplate.demo.ithemeslab.com/eventex/demo/assets/js/vendor/map.js]
[sitetemplate.demo.ithemeslab.com/eventex/demo/assets/js/vendor/jquery-3.2.1.min.js]
[sitetemplate.demo.ithemeslab.com/eventex/demo/assets/js/vendor/popper-1.12.9.min.js]
[sitetemplate.demo.ithemeslab.com/eventex/demo/assets/js/vendor/owl.carousel.min.js]
[sitetemplate.demo.ithemeslab.com/eventex/demo/assets/js/vendor/bootstrap.min.js]
[sitetemplate.demo.ithemeslab.com/eventex/demo/assets/js/vendor/jquery-migrate.js]
[sitetemplate.demo.ithemeslab.com/eventex/demo/assets/js/vendor/jquery.counterup.min.js]
[sitetemplate.demo.ithemeslab.com/eventex/demo/assets/js/vendor/waypoints-jquery.js]
[sitetemplate.demo.ithemeslab.com/eventex/demo/assets/js/vendor/lightbox.js]
[sitetemplate.demo.ithemeslab.com/eventex/demo/assets/js/vendor/jquery.appear.js]
[sitetemplate.demo.ithemeslab.com/eventex/demo/assets/js/vendor/countdown.js]
[sitetemplate.demo.ithemeslab.com/eventex/demo/assets/js/vendor/wow.min.js]
[sitetemplate.demo.ithemeslab.com/eventex/demo/assets/js/vendor/jquery-ui.min.js]
[sitetemplate.demo.ithemeslab.com/eventex/demo/home-2.html]
[sitetemplate.demo.ithemeslab.com/eventex/demo/assets/css/vendor/bootstrap.min.css]
[sitetemplate.demo.ithemeslab.com/eventex/demo/assets/js/main.js]
[sitetemplate.demo.ithemeslab.com/eventex/demo/assets/js/vendor/plugins.js]
[sitetemplate.demo.ithemeslab.com/eventex/demo/assets/fonts/fontawesome-webfont3e6e.ttf]
[sitetemplate.demo.ithemeslab.com/eventex/demo/assets/fonts/fontawesome-webfont3e6e.eot]
[sitetemplate.demo.ithemeslab.com/eventex/demo/assets/fonts/fontawesome-webfontd41d.eot]
[sitetemplate.demo.ithemeslab.com/eventex/demo/assets/css/vendor/font-awesome.min.css]
[sitetemplate.demo.ithemeslab.com/eventex/demo/assets/fonts/fontawesome-webfont3e6e.svg]
[sitetemplate.demo.ithemeslab.com/eventex/demo/assets/fonts/fontawesome-webfont3e6e.woff]
[sitetemplate.demo.ithemeslab.com/eventex/demo/assets/fonts/flaticon/Flaticon.eot]
[sitetemplate.demo.ithemeslab.com/eventex/demo/assets/fonts/flaticon/Flaticon.woff]
[sitetemplate.demo.ithemeslab.com/eventex/demo/assets/fonts/flaticon/Flaticon.ttf]
[sitetemplate.demo.ithemeslab.com/eventex/demo/assets/fonts/flaticon/Flaticond41d.eot]
[sitetemplate.demo.ithemeslab.com/eventex/demo/assets/css/vendor/flaticon.css]
[sitetemplate.demo.ithemeslab.com/eventex/demo/assets/fonts/flaticon/Flaticon.svg]
[sitetemplate.demo.ithemeslab.com/eventex/demo/assets/css/vendor/owl.video.play.png]
[sitetemplate.demo.ithemeslab.com/eventex/demo/assets/css/vendor/owl.carousel.min.css]
[sitetemplate.demo.ithemeslab.com/eventex/demo/assets/css/vendor/owl.theme.default.min.css]
[sitetemplate.demo.ithemeslab.com/eventex/demo/assets/css/vendor/animate.css]
[sitetemplate.demo.ithemeslab.com/eventex/demo/assets/css/vendor/images/ui-bg_inset-hard_100_fcfdfd_1x100.png]
[sitetemplate.demo.ithemeslab.com/eventex/demo/assets/css/vendor/images/ui-bg_gloss-wave_55_5c9ccc_500x100.png]
[sitetemplate.demo.ithemeslab.com/eventex/demo/assets/css/vendor/images/ui-bg_glass_85_dfeffc_1x400.png]
[sitetemplate.demo.ithemeslab.com/eventex/demo/assets/css/vendor/images/ui-bg_glass_75_d0e5f5_1x400.png]
[sitetemplate.demo.ithemeslab.com/eventex/demo/assets/css/vendor/images/ui-bg_inset-hard_100_f5f8f9_1x100.png]
[sitetemplate.demo.ithemeslab.com/eventex/demo/assets/css/vendor/images/ui-bg_glass_95_fef1ec_1x400.png]
[sitetemplate.demo.ithemeslab.com/eventex/demo/assets/css/vendor/images/ui-icons_469bdd_256x240.png]
[sitetemplate.demo.ithemeslab.com/eventex/demo/assets/css/vendor/images/ui-icons_d8e7f3_256x240.png]
[sitetemplate.demo.ithemeslab.com/eventex/demo/assets/css/vendor/images/ui-icons_6da8d5_256x240.png]
[sitetemplate.demo.ithemeslab.com/eventex/demo/assets/css/vendor/images/ui-icons_217bc0_256x240.png]
[sitetemplate.demo.ithemeslab.com/eventex/demo/assets/css/vendor/images/ui-icons_f9bd01_256x240.png]
[sitetemplate.demo.ithemeslab.com/eventex/demo/assets/css/vendor/images/ui-icons_2e83ff_256x240.png]
[sitetemplate.demo.ithemeslab.com/eventex/demo/assets/css/vendor/images/ui-icons_cd0a0a_256x240.png]
[sitetemplate.demo.ithemeslab.com/eventex/demo/assets/css/vendor/jquery-ui.min.css]
[sitetemplate.demo.ithemeslab.com/eventex/demo/assets/img/lightbox/loading.gif]
[sitetemplate.demo.ithemeslab.com/eventex/demo/assets/img/lightbox/prev.png]
[sitetemplate.demo.ithemeslab.com/eventex/demo/assets/img/lightbox/next.png]
[sitetemplate.demo.ithemeslab.com/eventex/demo/assets/img/lightbox/close.png]
[sitetemplate.demo.ithemeslab.com/eventex/demo/assets/css/vendor/lightbox.css]
[sitetemplate.demo.ithemeslab.com/eventex/demo/assets/img/up.png]
[sitetemplate.demo.ithemeslab.com/eventex/demo/assets/img/others/1.png]
[sitetemplate.demo.ithemeslab.com/eventex/demo/assets/img/others/5.png]
[sitetemplate.demo.ithemeslab.com/eventex/demo/assets/img/slide/1.jpg]
[sitetemplate.demo.ithemeslab.com/eventex/demo/assets/img/slide/2.jpg]
[sitetemplate.demo.ithemeslab.com/eventex/demo/assets/img/slide/3.jpg]
[sitetemplate.demo.ithemeslab.com/eventex/demo/assets/img/slide/4.jpg]
[sitetemplate.demo.ithemeslab.com/eventex/demo/assets/img/bg/1.png]
[sitetemplate.demo.ithemeslab.com/eventex/demo/assets/img/mockup/man.png]
[sitetemplate.demo.ithemeslab.com/eventex/demo/assets/img/bg/2.jpg]
[sitetemplate.demo.ithemeslab.com/eventex/demo/assets/img/bg/2.png]
[sitetemplate.demo.ithemeslab.com/eventex/demo/assets/img/bg/footer.jpg]
[sitetemplate.demo.ithemeslab.com/eventex/demo/assets/img/bg/4.jpg]
[sitetemplate.demo.ithemeslab.com/eventex/demo/assets/img/bg/7.jpg]
[sitetemplate.demo.ithemeslab.com/eventex/demo/assets/img/bg/8.jpg]
[sitetemplate.demo.ithemeslab.com/eventex/demo/assets/img/bg/5.jpg]
[sitetemplate.demo.ithemeslab.com/eventex/demo/assets/img/bg/6.jpg]
[sitetemplate.demo.ithemeslab.com/eventex/demo/assets/img/bg/9.jpg]
[sitetemplate.demo.ithemeslab.com/eventex/demo/assets/img/bg/404.jpg]
[sitetemplate.demo.ithemeslab.com/eventex/demo/assets/img/mockup/vector-2.png]
[sitetemplate.demo.ithemeslab.com/eventex/demo/assets/img/mockup/vector.png]
[sitetemplate.demo.ithemeslab.com/eventex/demo/assets/css/style.css]
[sitetemplate.demo.ithemeslab.com/eventex/demo/assets/css/responsive.css]
[sitetemplate.demo.ithemeslab.com/eventex/demo/assets/img/logo/logo-3.png]
[sitetemplate.demo.ithemeslab.com/eventex/demo/assets/img/pricing/1.png]
[sitetemplate.demo.ithemeslab.com/eventex/demo/assets/img/pricing/2.png]
[sitetemplate.demo.ithemeslab.com/eventex/demo/assets/img/pricing/3.png]
[sitetemplate.demo.ithemeslab.com/eventex/demo/assets/img/others/2.png]
[sitetemplate.demo.ithemeslab.com/eventex/demo/assets/img/others/3.png]
[sitetemplate.demo.ithemeslab.com/eventex/demo/assets/img/others/4.png]
[sitetemplate.demo.ithemeslab.com/eventex/demo/index.html]
[sitetemplate.demo.ithemeslab.com/eventex/demo/assets/img/sponsers/1.png]
[sitetemplate.demo.ithemeslab.com/eventex/demo/assets/img/sponsers/2.png]
[sitetemplate.demo.ithemeslab.com/eventex/demo/assets/img/sponsers/3.png]
[sitetemplate.demo.ithemeslab.com/eventex/demo/assets/img/sponsers/4.png]
[sitetemplate.demo.ithemeslab.com/eventex/demo/assets/img/sponsers/5.png]
[sitetemplate.demo.ithemeslab.com/eventex/demo/assets/img/sponsers/6.png]
[sitetemplate.demo.ithemeslab.com/eventex/demo/assets/img/sponsers/7.png]
[sitetemplate.demo.ithemeslab.com/eventex/demo/assets/img/sponsers/8.png]
[sitetemplate.demo.ithemeslab.com/eventex/demo/assets/img/sponsers/9.png]
[sitetemplate.demo.ithemeslab.com/eventex/demo/home-3.html]
[sitetemplate.demo.ithemeslab.com/eventex/demo/assets/img/feature/4.png]
[sitetemplate.demo.ithemeslab.com/eventex/demo/home-4.html]
[sitetemplate.demo.ithemeslab.com/eventex/demo/assets/img/conference/1.jpg]
[sitetemplate.demo.ithemeslab.com/eventex/demo/assets/img/conference/2.jpg]
[sitetemplate.demo.ithemeslab.com/eventex/demo/assets/img/conference/3.jpg]
[sitetemplate.demo.ithemeslab.com/eventex/demo/assets/img/conference/4.jpg]
[sitetemplate.demo.ithemeslab.com/eventex/demo/home-5.html]
[sitetemplate.demo.ithemeslab.com/eventex/demo/assets/img/others/element.png]
[sitetemplate.demo.ithemeslab.com/eventex/demo/assets/img/testimonial/1.jpg]
[sitetemplate.demo.ithemeslab.com/eventex/demo/about.html]
[sitetemplate.demo.ithemeslab.com/eventex/demo/pricing.html]
[sitetemplate.demo.ithemeslab.com/eventex/demo/error-404.html]
[sitetemplate.demo.ithemeslab.com/cdn-cgi/scripts/d07b1474/cloudflare-static/email-decode.min.js]
[sitetemplate.demo.ithemeslab.com/eventex/demo/assets/js/vendor/contact.js]
[sitetemplate.demo.ithemeslab.com/eventex/demo/contact.html]
[sitetemplate.demo.ithemeslab.com/eventex/demo/speakers.html]
[sitetemplate.demo.ithemeslab.com/eventex/demo/assets/js/vendor/validator.min.js]
[sitetemplate.demo.ithemeslab.com/eventex/demo/assets/img/team/8.jpg]
[sitetemplate.demo.ithemeslab.com/eventex/demo/assets/img/team/9.jpg]
[sitetemplate.demo.ithemeslab.com/eventex/demo/assets/img/team/10.jpg]
[sitetemplate.demo.ithemeslab.com/eventex/demo/speakers-single.html]
[sitetemplate.demo.ithemeslab.com/eventex/demo/event-schedule.html]
[sitetemplate.demo.ithemeslab.com/eventex/demo/event-table.html]
[sitetemplate.demo.ithemeslab.com/eventex/demo/assets/img/blog/4.jpg]
[sitetemplate.demo.ithemeslab.com/eventex/demo/assets/img/blog/11.jpg]
[sitetemplate.demo.ithemeslab.com/eventex/demo/assets/img/blog/6.jpg]
[sitetemplate.demo.ithemeslab.com/eventex/demo/assets/img/blog/7.jpg]
[sitetemplate.demo.ithemeslab.com/eventex/demo/assets/img/blog/8.jpg]
[sitetemplate.demo.ithemeslab.com/eventex/demo/assets/img/blog/9.jpg]
[sitetemplate.demo.ithemeslab.com/eventex/demo/blog-single.html]
[sitetemplate.demo.ithemeslab.com/eventex/demo/assets/img/blog/5.jpg]
[sitetemplate.demo.ithemeslab.com/eventex/demo/blog-right.html]
[sitetemplate.demo.ithemeslab.com/eventex/demo/assets/img/shopping/1.jpg]
[sitetemplate.demo.ithemeslab.com/eventex/demo/assets/img/shopping/2.jpg]
[sitetemplate.demo.ithemeslab.com/eventex/demo/assets/img/shopping/3.jpg]
[sitetemplate.demo.ithemeslab.com/eventex/demo/assets/img/shopping/4.jpg]
[sitetemplate.demo.ithemeslab.com/eventex/demo/assets/img/shopping/5.jpg]
[sitetemplate.demo.ithemeslab.com/eventex/demo/assets/img/shopping/6.jpg]
[sitetemplate.demo.ithemeslab.com/eventex/demo/assets/img/shopping/7.jpg]
[sitetemplate.demo.ithemeslab.com/eventex/demo/assets/img/shopping/9.jpg]
[sitetemplate.demo.ithemeslab.com/eventex/demo/assets/img/shopping/10.jpg]
[sitetemplate.demo.ithemeslab.com/eventex/demo/assets/img/shopping/11.jpg]
[sitetemplate.demo.ithemeslab.com/eventex/demo/assets/img/shopping/12.jpg]
[sitetemplate.demo.ithemeslab.com/eventex/demo/shopping.html]
[sitetemplate.demo.ithemeslab.com/eventex/demo/assets/fonts/fontawesome-webfont3e6e.html]
[sitetemplate.demo.ithemeslab.com/eventex/demo/assets/fonts/fontawesome-webfont3e6e.svg]
[sitetemplate.demo.ithemeslab.com/eventex/demo/assets/fonts/flaticon/Flaticon.svg]
[sitetemplate.demo.ithemeslab.com/eventex/demo/assets/css/vendor/owl.video.play.html]
[sitetemplate.demo.ithemeslab.com/eventex/demo/assets/css/vendor/images/ui-bg_inset-hard_100_fcfdfd_1x100.html]
[sitetemplate.demo.ithemeslab.com/eventex/demo/assets/css/vendor/images/ui-bg_gloss-wave_55_5c9ccc_500x100.html]
[sitetemplate.demo.ithemeslab.com/eventex/demo/assets/css/vendor/images/ui-bg_glass_85_dfeffc_1x400.html]
[sitetemplate.demo.ithemeslab.com/eventex/demo/assets/css/vendor/images/ui-bg_glass_75_d0e5f5_1x400.html]
[sitetemplate.demo.ithemeslab.com/eventex/demo/assets/css/vendor/images/ui-bg_inset-hard_100_f5f8f9_1x100.html]
[sitetemplate.demo.ithemeslab.com/eventex/demo/assets/css/vendor/images/ui-bg_glass_95_fef1ec_1x400.html]
[sitetemplate.demo.ithemeslab.com/eventex/demo/assets/css/vendor/images/ui-icons_469bdd_256x240.html]
[sitetemplate.demo.ithemeslab.com/eventex/demo/assets/css/vendor/images/ui-icons_d8e7f3_256x240.html]
[sitetemplate.demo.ithemeslab.com/eventex/demo/assets/css/vendor/images/ui-icons_6da8d5_256x240.html]
[sitetemplate.demo.ithemeslab.com/eventex/demo/assets/css/vendor/images/ui-icons_217bc0_256x240.html]
[sitetemplate.demo.ithemeslab.com/eventex/demo/assets/css/vendor/images/ui-icons_f9bd01_256x240.html]
[sitetemplate.demo.ithemeslab.com/eventex/demo/assets/css/vendor/images/ui-icons_2e83ff_256x240.html]
[sitetemplate.demo.ithemeslab.com/eventex/demo/assets/css/vendor/images/ui-icons_cd0a0a_256x240.html]
[sitetemplate.demo.ithemeslab.com/eventex/demo/assets/js/vendor/isotope.pkgd.min.js]
